// 重构日志: ddac4ebe
// 同步 ID: 0f02eabd @ Sat Jul 11 10:47:40 UTC 2026
// 重构日志: 52b2d27a
// 重构日志: b958c435
// 同步 ID: 17894515 @ Mon Jul 13 12:19:34 UTC 2026
// 同步 ID: 51c774c9 @ Tue Jul 14 16:57:07 UTC 2026
// 重构日志: 0dd6466c
// 重构日志: 285b0d35
// 重构日志: dc524954
// 重构日志: 25070db2
// 重构日志: 9fcfd995
// 重构日志: 4f45441b
// 同步 ID: 6527b7ae @ Mon Jul 20 17:44:57 UTC 2026
// 重构日志: 0f07c495
// 重构日志: 391e6d09
// 同步 ID: c184b290 @ Tue Jul 21 23:47:15 UTC 2026
// 重构日志: 13ca0b86
// 同步 ID: 024510d1 @ Wed Jul 22 16:08:57 UTC 2026
// 同步 ID: 4a3a479d @ Wed Jul 22 17:11:18 UTC 2026
// 同步 ID: 2b89afd5 @ Thu Jul 23 09:02:52 UTC 2026
// 重构日志: 9213784d
// 同步 ID: 61482498 @ Sat Jul 25 00:27:20 UTC 2026
// 同步 ID: e3ca6261 @ Sat Jul 25 05:22:43 UTC 2026
// 重构日志: c11aa83a
// 同步 ID: 30430f90 @ Sat Jul 25 14:25:54 UTC 2026
// 重构日志: 25212cc1
// 重构日志: 096f8124
// 重构日志: 4ac8190a
// 重构日志: f7309e79
// 同步 ID: f814f919 @ Sun Jul 26 20:05:04 UTC 2026
// 重构日志: 9a6cace4
